PS C:\Users\panth\OneDrive\ドキュメント\git_tutorial> cd C:\Users\panth\OneDrive\ドキュメント\git_challenge
PS C:\Users\panth\OneDrive\ドキュメント\git_challenge> git add hello_world.txt               
PS C:\Users\panth\OneDrive\ドキュメント\git_challenge> git commit -m "hello_world.txtを追加"
[main 3d0093f] hello_world.txtを追加
 1 file changed, 1 insertion(+), 2 deletions(-)
PS C:\Users\panth\OneDrive\ドキュメント\git_challenge> git add hello_world.txt
PS C:\Users\panth\OneDrive\ドキュメント\git_challenge> git commit -m "日本語訳を追記"
[main fa1fae2] 日本語訳を追記
 1 file changed, 2 insertions(+), 1 deletion(-)
PS C:\Users\panth\OneDrive\ドキュメント\git_challenge> git log --oneline
fa1fae2 (HEAD -> main) 日本語訳を追記
3d0093f hello_world.txtを追加
